// Jest Snapshot v1, https://goo.gl/fbAQLP

exports[`generated should contain a manifest 1`] = `
Object {
  "en-US.lproj/icon.png": "e0f0bcd503f6117bce6a1a3ff8a68e36d26ae47f",
  "icon.png": "e0f0bcd503f6117bce6a1a3ff8a68e36d26ae47f",
  "icon@2x.png": "10e4a72dbb02cc526cef967420553b459ccf2b9e",
  "logo.png": "abc97e3b2bc3b0e412ca4a853ba5fd90fe063551",
  "logo@2x.png": "87ca39ddc347646b5625062a349de4d3f06714ac",
  "pass.json": "7f292a16db3f608e6e3e5017eb2bcafd8e035fbb",
  "strip.png": "68fc532d6c76e7c6c0dbb9b45165e62fbb8e9e32",
  "strip@2x.png": "17e4f5598362d21f92aa75bc66e2011a2310f48e",
  "thumbnail.png": "e199fc0e2839ad5698b206d5f4b7d8cb2418927c",
  "thumbnail@2x.png": "ac640c623741c0081fb1592d6353ebb03122244f",
}
`;

exports[`generated should contain pass.json 1`] = `
Object {
  "coupon": Object {
    "headerFields": Array [
      Object {
        "key": "date",
        "label": "Date",
        "value": "Nov 1",
      },
    ],
    "primaryFields": Array [
      Object {
        "key": "location",
        "label": "Place",
        "value": "High ground",
      },
    ],
  },
  "description": "20% of black roses",
  "formatVersion": 1,
  "labelColor": "rgb(255, 0, 0)",
  "organizationName": "Acme flowers",
  "passTypeIdentifier": "pass.com.example.passbook",
  "serialNumber": "123456",
  "teamIdentifier": "MXL",
}
`;
